[0.763s] Invoking command in '/home/mjc/METR4202/METR4202/metr4202_project/src/project-search': PYTHONPATH=/home/mjc/METR4202/METR4202/metr4202_project/src/build/project-search/prefix_override:/usr/lib/python3/dist-packages/colcon_core/task/python/colcon_distutils_commands:/home/mjc/METR4202/METR4202/metr4202_project/src/install/project-search/lib/python3.10/site-packages:${PYTHONPATH} /usr/bin/python3 -W ignore:setup.py install is deprecated -W ignore:easy_install command is deprecated setup.py egg_info --egg-base ../build/project-search build --build-base /home/mjc/METR4202/METR4202/metr4202_project/src/build/project-search/build install --record /home/mjc/METR4202/METR4202/metr4202_project/src/build/project-search/install.log --install-scripts $base/lib/project-search --single-version-externally-managed install_data
[0.914s] running egg_info
[0.914s] writing ../build/project-search/project_search.egg-info/PKG-INFO
[0.915s] writing dependency_links to ../build/project-search/project_search.egg-info/dependency_links.txt
[0.915s] writing entry points to ../build/project-search/project_search.egg-info/entry_points.txt
[0.915s] writing requirements to ../build/project-search/project_search.egg-info/requires.txt
[0.915s] writing top-level names to ../build/project-search/project_search.egg-info/top_level.txt
[0.916s] reading manifest file '../build/project-search/project_search.egg-info/SOURCES.txt'
[0.916s] adding license file 'LICENSE'
[0.917s] writing manifest file '../build/project-search/project_search.egg-info/SOURCES.txt'
[0.917s] running build
[0.917s] running build_py
[0.917s] copying project-search/frontier_search.py -> /home/mjc/METR4202/METR4202/metr4202_project/src/build/project-search/build/lib/project-search
[0.918s] running install
[0.919s] running install_lib
[0.919s] copying /home/mjc/METR4202/METR4202/metr4202_project/src/build/project-search/build/lib/project-search/frontier_search.py -> /home/mjc/METR4202/METR4202/metr4202_project/src/install/project-search/lib/python3.10/site-packages/project-search
[0.920s] byte-compiling /home/mjc/METR4202/METR4202/metr4202_project/src/install/project-search/lib/python3.10/site-packages/project-search/weights.py to weights.cpython-310.pyc
[0.920s]   File "/home/mjc/METR4202/METR4202/metr4202_project/src/install/project-search/lib/python3.10/site-packages/project-search/weights.py", line 15
[0.920s]     self.__init__(self):
[0.920s]                        ^
[0.920s] SyntaxError: invalid syntax
[0.920s] 
[0.920s] byte-compiling /home/mjc/METR4202/METR4202/metr4202_project/src/install/project-search/lib/python3.10/site-packages/project-search/frontier_search.py to frontier_search.cpython-310.pyc
[0.921s] running install_data
[0.922s] running install_egg_info
[0.923s] removing '/home/mjc/METR4202/METR4202/metr4202_project/src/install/project-search/lib/python3.10/site-packages/project_search-0.0.0-py3.10.egg-info' (and everything under it)
[0.923s] Copying ../build/project-search/project_search.egg-info to /home/mjc/METR4202/METR4202/metr4202_project/src/install/project-search/lib/python3.10/site-packages/project_search-0.0.0-py3.10.egg-info
[0.924s] running install_scripts
[0.939s] writing list of installed files to '/home/mjc/METR4202/METR4202/metr4202_project/src/build/project-search/install.log'
[0.964s] Invoked command in '/home/mjc/METR4202/METR4202/metr4202_project/src/project-search' returned '0': PYTHONPATH=/home/mjc/METR4202/METR4202/metr4202_project/src/build/project-search/prefix_override:/usr/lib/python3/dist-packages/colcon_core/task/python/colcon_distutils_commands:/home/mjc/METR4202/METR4202/metr4202_project/src/install/project-search/lib/python3.10/site-packages:${PYTHONPATH} /usr/bin/python3 -W ignore:setup.py install is deprecated -W ignore:easy_install command is deprecated setup.py egg_info --egg-base ../build/project-search build --build-base /home/mjc/METR4202/METR4202/metr4202_project/src/build/project-search/build install --record /home/mjc/METR4202/METR4202/metr4202_project/src/build/project-search/install.log --install-scripts $base/lib/project-search --single-version-externally-managed install_data
