[1.009s] Invoking command in '/home/mjc/METR4202/METR4202/metr4202_project/src/project-search': PYTHONPATH=/home/mjc/METR4202/METR4202/metr4202_project/src/build/project-search/prefix_override:/usr/lib/python3/dist-packages/colcon_core/task/python/colcon_distutils_commands:/home/mjc/METR4202/METR4202/metr4202_project/src/install/project-search/lib/python3.10/site-packages:${PYTHONPATH} /usr/bin/python3 -W ignore:setup.py install is deprecated -W ignore:easy_install command is deprecated setup.py egg_info --egg-base ../build/project-search build --build-base /home/mjc/METR4202/METR4202/metr4202_project/src/build/project-search/build install --record /home/mjc/METR4202/METR4202/metr4202_project/src/build/project-search/install.log --install-scripts $base/lib/project-search --single-version-externally-managed install_data
[1.158s] running egg_info
[1.158s] writing ../build/project-search/project_search.egg-info/PKG-INFO
[1.160s] writing dependency_links to ../build/project-search/project_search.egg-info/dependency_links.txt
[1.160s] writing entry points to ../build/project-search/project_search.egg-info/entry_points.txt
[1.161s] writing requirements to ../build/project-search/project_search.egg-info/requires.txt
[1.161s] writing top-level names to ../build/project-search/project_search.egg-info/top_level.txt
[1.164s] reading manifest file '../build/project-search/project_search.egg-info/SOURCES.txt'
[1.165s] adding license file 'LICENSE'
[1.166s] writing manifest file '../build/project-search/project_search.egg-info/SOURCES.txt'
[1.166s] running build
[1.166s] running build_py
[1.166s] copying project-search/weights.py -> /home/mjc/METR4202/METR4202/metr4202_project/src/build/project-search/build/lib/project-search
[1.167s] running install
[1.167s] running install_lib
[1.167s] copying /home/mjc/METR4202/METR4202/metr4202_project/src/build/project-search/build/lib/project-search/weights.py -> /home/mjc/METR4202/METR4202/metr4202_project/src/install/project-search/lib/python3.10/site-packages/project-search
[1.168s] byte-compiling /home/mjc/METR4202/METR4202/metr4202_project/src/install/project-search/lib/python3.10/site-packages/project-search/weights.py to weights.cpython-310.pyc
[1.168s]   File "/home/mjc/METR4202/METR4202/metr4202_project/src/install/project-search/lib/python3.10/site-packages/project-search/weights.py", line 23
[1.168s]     self.latest_map = None:
[1.168s]                           ^
[1.168s] SyntaxError: invalid syntax
[1.169s] 
[1.169s] running install_data
[1.169s] running install_egg_info
[1.170s] removing '/home/mjc/METR4202/METR4202/metr4202_project/src/install/project-search/lib/python3.10/site-packages/project_search-0.0.0-py3.10.egg-info' (and everything under it)
[1.170s] Copying ../build/project-search/project_search.egg-info to /home/mjc/METR4202/METR4202/metr4202_project/src/install/project-search/lib/python3.10/site-packages/project_search-0.0.0-py3.10.egg-info
[1.171s] running install_scripts
[1.184s] writing list of installed files to '/home/mjc/METR4202/METR4202/metr4202_project/src/build/project-search/install.log'
[1.230s] Invoked command in '/home/mjc/METR4202/METR4202/metr4202_project/src/project-search' returned '0': PYTHONPATH=/home/mjc/METR4202/METR4202/metr4202_project/src/build/project-search/prefix_override:/usr/lib/python3/dist-packages/colcon_core/task/python/colcon_distutils_commands:/home/mjc/METR4202/METR4202/metr4202_project/src/install/project-search/lib/python3.10/site-packages:${PYTHONPATH} /usr/bin/python3 -W ignore:setup.py install is deprecated -W ignore:easy_install command is deprecated setup.py egg_info --egg-base ../build/project-search build --build-base /home/mjc/METR4202/METR4202/metr4202_project/src/build/project-search/build install --record /home/mjc/METR4202/METR4202/metr4202_project/src/build/project-search/install.log --install-scripts $base/lib/project-search --single-version-externally-managed install_data
