[1.013s] Invoking command in '/home/mjc/METR4202/METR4202/metr4202_project/src/project-explore': PYTHONPATH=/home/mjc/METR4202/METR4202/metr4202_project/src/build/project-explore/prefix_override:/usr/lib/python3/dist-packages/colcon_core/task/python/colcon_distutils_commands:/home/mjc/METR4202/METR4202/metr4202_project/src/install/project-explore/lib/python3.10/site-packages:${PYTHONPATH} /usr/bin/python3 -W ignore:setup.py install is deprecated -W ignore:easy_install command is deprecated setup.py egg_info --egg-base ../build/project-explore build --build-base /home/mjc/METR4202/METR4202/metr4202_project/src/build/project-explore/build install --record /home/mjc/METR4202/METR4202/metr4202_project/src/build/project-explore/install.log --install-scripts $base/lib/project-explore --single-version-externally-managed install_data
[1.162s] running egg_info
[1.163s] writing ../build/project-explore/project_explore.egg-info/PKG-INFO
[1.163s] writing dependency_links to ../build/project-explore/project_explore.egg-info/dependency_links.txt
[1.163s] writing entry points to ../build/project-explore/project_explore.egg-info/entry_points.txt
[1.163s] writing requirements to ../build/project-explore/project_explore.egg-info/requires.txt
[1.163s] writing top-level names to ../build/project-explore/project_explore.egg-info/top_level.txt
[1.166s] reading manifest file '../build/project-explore/project_explore.egg-info/SOURCES.txt'
[1.169s] adding license file 'LICENSE'
[1.170s] writing manifest file '../build/project-explore/project_explore.egg-info/SOURCES.txt'
[1.170s] running build
[1.170s] running build_py
[1.170s] running install
[1.170s] running install_lib
[1.171s] running install_data
[1.171s] running install_egg_info
[1.172s] removing '/home/mjc/METR4202/METR4202/metr4202_project/src/install/project-explore/lib/python3.10/site-packages/project_explore-0.0.0-py3.10.egg-info' (and everything under it)
[1.172s] Copying ../build/project-explore/project_explore.egg-info to /home/mjc/METR4202/METR4202/metr4202_project/src/install/project-explore/lib/python3.10/site-packages/project_explore-0.0.0-py3.10.egg-info
[1.173s] running install_scripts
[1.187s] writing list of installed files to '/home/mjc/METR4202/METR4202/metr4202_project/src/build/project-explore/install.log'
[1.228s] Invoked command in '/home/mjc/METR4202/METR4202/metr4202_project/src/project-explore' returned '0': PYTHONPATH=/home/mjc/METR4202/METR4202/metr4202_project/src/build/project-explore/prefix_override:/usr/lib/python3/dist-packages/colcon_core/task/python/colcon_distutils_commands:/home/mjc/METR4202/METR4202/metr4202_project/src/install/project-explore/lib/python3.10/site-packages:${PYTHONPATH} /usr/bin/python3 -W ignore:setup.py install is deprecated -W ignore:easy_install command is deprecated setup.py egg_info --egg-base ../build/project-explore build --build-base /home/mjc/METR4202/METR4202/metr4202_project/src/build/project-explore/build install --record /home/mjc/METR4202/METR4202/metr4202_project/src/build/project-explore/install.log --install-scripts $base/lib/project-explore --single-version-externally-managed install_data
