running egg_info
creating ../build/project-search/project_search.egg-info
writing ../build/project-search/project_search.egg-info/PKG-INFO
writing dependency_links to ../build/project-search/project_search.egg-info/dependency_links.txt
writing entry points to ../build/project-search/project_search.egg-info/entry_points.txt
writing requirements to ../build/project-search/project_search.egg-info/requires.txt
writing top-level names to ../build/project-search/project_search.egg-info/top_level.txt
writing manifest file '../build/project-search/project_search.egg-info/SOURCES.txt'
reading manifest file '../build/project-search/project_search.egg-info/SOURCES.txt'
adding license file 'LICENSE'
writing manifest file '../build/project-search/project_search.egg-info/SOURCES.txt'
running build
running build_py
creating /home/mjc/METR4202/METR4202/metr4202_project/src/build/project-search/build
creating /home/mjc/METR4202/METR4202/metr4202_project/src/build/project-search/build/lib
creating /home/mjc/METR4202/METR4202/metr4202_project/src/build/project-search/build/lib/project-search
copying project-search/weights.py -> /home/mjc/METR4202/METR4202/metr4202_project/src/build/project-search/build/lib/project-search
copying project-search/__init__.py -> /home/mjc/METR4202/METR4202/metr4202_project/src/build/project-search/build/lib/project-search
copying project-search/frontier_search.py -> /home/mjc/METR4202/METR4202/metr4202_project/src/build/project-search/build/lib/project-search
running install
running install_lib
creating /home/mjc/METR4202/METR4202/metr4202_project/src/install/project-search/lib/python3.10/site-packages/project-search
copying /home/mjc/METR4202/METR4202/metr4202_project/src/build/project-search/build/lib/project-search/weights.py -> /home/mjc/METR4202/METR4202/metr4202_project/src/install/project-search/lib/python3.10/site-packages/project-search
copying /home/mjc/METR4202/METR4202/metr4202_project/src/build/project-search/build/lib/project-search/__init__.py -> /home/mjc/METR4202/METR4202/metr4202_project/src/install/project-search/lib/python3.10/site-packages/project-search
copying /home/mjc/METR4202/METR4202/metr4202_project/src/build/project-search/build/lib/project-search/frontier_search.py -> /home/mjc/METR4202/METR4202/metr4202_project/src/install/project-search/lib/python3.10/site-packages/project-search
byte-compiling /home/mjc/METR4202/METR4202/metr4202_project/src/install/project-search/lib/python3.10/site-packages/project-search/weights.py to weights.cpython-310.pyc
byte-compiling /home/mjc/METR4202/METR4202/metr4202_project/src/install/project-search/lib/python3.10/site-packages/project-search/__init__.py to __init__.cpython-310.pyc
byte-compiling /home/mjc/METR4202/METR4202/metr4202_project/src/install/project-search/lib/python3.10/site-packages/project-search/frontier_search.py to frontier_search.cpython-310.pyc
running install_data
creating /home/mjc/METR4202/METR4202/metr4202_project/src/install/project-search/share/ament_index
creating /home/mjc/METR4202/METR4202/metr4202_project/src/install/project-search/share/ament_index/resource_index
creating /home/mjc/METR4202/METR4202/metr4202_project/src/install/project-search/share/ament_index/resource_index/packages
copying resource/project-search -> /home/mjc/METR4202/METR4202/metr4202_project/src/install/project-search/share/ament_index/resource_index/packages
copying package.xml -> /home/mjc/METR4202/METR4202/metr4202_project/src/install/project-search/share/project-search
running install_egg_info
Copying ../build/project-search/project_search.egg-info to /home/mjc/METR4202/METR4202/metr4202_project/src/install/project-search/lib/python3.10/site-packages/project_search-0.0.0-py3.10.egg-info
running install_scripts
writing list of installed files to '/home/mjc/METR4202/METR4202/metr4202_project/src/build/project-search/install.log'
