[0.885s] Invoking command in '/home/mjc/METR4202/METR4202/metr4202_project/src/project-search': PYTHONPATH=/home/mjc/METR4202/METR4202/metr4202_project/src/build/project-search/prefix_override:/usr/lib/python3/dist-packages/colcon_core/task/python/colcon_distutils_commands:/home/mjc/METR4202/METR4202/metr4202_project/src/install/project-search/lib/python3.10/site-packages:${PYTHONPATH} /usr/bin/python3 -W ignore:setup.py install is deprecated -W ignore:easy_install command is deprecated setup.py egg_info --egg-base ../build/project-search build --build-base /home/mjc/METR4202/METR4202/metr4202_project/src/build/project-search/build install --record /home/mjc/METR4202/METR4202/metr4202_project/src/build/project-search/install.log --install-scripts $base/lib/project-search --single-version-externally-managed install_data
[1.044s] running egg_info
[1.044s] creating ../build/project-search/project_search.egg-info
[1.045s] writing ../build/project-search/project_search.egg-info/PKG-INFO
[1.045s] writing dependency_links to ../build/project-search/project_search.egg-info/dependency_links.txt
[1.045s] writing entry points to ../build/project-search/project_search.egg-info/entry_points.txt
[1.045s] writing requirements to ../build/project-search/project_search.egg-info/requires.txt
[1.045s] writing top-level names to ../build/project-search/project_search.egg-info/top_level.txt
[1.046s] writing manifest file '../build/project-search/project_search.egg-info/SOURCES.txt'
[1.047s] reading manifest file '../build/project-search/project_search.egg-info/SOURCES.txt'
[1.047s] adding license file 'LICENSE'
[1.047s] writing manifest file '../build/project-search/project_search.egg-info/SOURCES.txt'
[1.048s] running build
[1.048s] running build_py
[1.048s] creating /home/mjc/METR4202/METR4202/metr4202_project/src/build/project-search/build
[1.048s] creating /home/mjc/METR4202/METR4202/metr4202_project/src/build/project-search/build/lib
[1.048s] creating /home/mjc/METR4202/METR4202/metr4202_project/src/build/project-search/build/lib/project-search
[1.048s] copying project-search/weights.py -> /home/mjc/METR4202/METR4202/metr4202_project/src/build/project-search/build/lib/project-search
[1.049s] copying project-search/__init__.py -> /home/mjc/METR4202/METR4202/metr4202_project/src/build/project-search/build/lib/project-search
[1.049s] copying project-search/frontier_search.py -> /home/mjc/METR4202/METR4202/metr4202_project/src/build/project-search/build/lib/project-search
[1.049s] running install
[1.049s] running install_lib
[1.049s] creating /home/mjc/METR4202/METR4202/metr4202_project/src/install/project-search/lib/python3.10/site-packages/project-search
[1.049s] copying /home/mjc/METR4202/METR4202/metr4202_project/src/build/project-search/build/lib/project-search/weights.py -> /home/mjc/METR4202/METR4202/metr4202_project/src/install/project-search/lib/python3.10/site-packages/project-search
[1.049s] copying /home/mjc/METR4202/METR4202/metr4202_project/src/build/project-search/build/lib/project-search/__init__.py -> /home/mjc/METR4202/METR4202/metr4202_project/src/install/project-search/lib/python3.10/site-packages/project-search
[1.049s] copying /home/mjc/METR4202/METR4202/metr4202_project/src/build/project-search/build/lib/project-search/frontier_search.py -> /home/mjc/METR4202/METR4202/metr4202_project/src/install/project-search/lib/python3.10/site-packages/project-search
[1.049s] byte-compiling /home/mjc/METR4202/METR4202/metr4202_project/src/install/project-search/lib/python3.10/site-packages/project-search/weights.py to weights.cpython-310.pyc
[1.050s]   File "/home/mjc/METR4202/METR4202/metr4202_project/src/install/project-search/lib/python3.10/site-packages/project-search/weights.py", line 15
[1.050s]     self.__init__(self):
[1.050s]                        ^
[1.050s] SyntaxError: invalid syntax
[1.050s] 
[1.050s] byte-compiling /home/mjc/METR4202/METR4202/metr4202_project/src/install/project-search/lib/python3.10/site-packages/project-search/__init__.py to __init__.cpython-310.pyc
[1.050s] byte-compiling /home/mjc/METR4202/METR4202/metr4202_project/src/install/project-search/lib/python3.10/site-packages/project-search/frontier_search.py to frontier_search.cpython-310.pyc
[1.050s]   File "/home/mjc/METR4202/METR4202/metr4202_project/src/install/project-search/lib/python3.10/site-packages/project-search/frontier_search.py", line 204
[1.051s]     f"Frontier weights are:'
[1.051s]     ^
[1.051s] SyntaxError: unterminated string literal (detected at line 204)
[1.051s] 
[1.051s] running install_data
[1.051s] creating /home/mjc/METR4202/METR4202/metr4202_project/src/install/project-search/share/ament_index
[1.051s] creating /home/mjc/METR4202/METR4202/metr4202_project/src/install/project-search/share/ament_index/resource_index
[1.051s] creating /home/mjc/METR4202/METR4202/metr4202_project/src/install/project-search/share/ament_index/resource_index/packages
[1.051s] copying resource/project-search -> /home/mjc/METR4202/METR4202/metr4202_project/src/install/project-search/share/ament_index/resource_index/packages
[1.051s] copying package.xml -> /home/mjc/METR4202/METR4202/metr4202_project/src/install/project-search/share/project-search
[1.051s] running install_egg_info
[1.052s] Copying ../build/project-search/project_search.egg-info to /home/mjc/METR4202/METR4202/metr4202_project/src/install/project-search/lib/python3.10/site-packages/project_search-0.0.0-py3.10.egg-info
[1.053s] running install_scripts
[1.068s] writing list of installed files to '/home/mjc/METR4202/METR4202/metr4202_project/src/build/project-search/install.log'
[1.096s] Invoked command in '/home/mjc/METR4202/METR4202/metr4202_project/src/project-search' returned '0': PYTHONPATH=/home/mjc/METR4202/METR4202/metr4202_project/src/build/project-search/prefix_override:/usr/lib/python3/dist-packages/colcon_core/task/python/colcon_distutils_commands:/home/mjc/METR4202/METR4202/metr4202_project/src/install/project-search/lib/python3.10/site-packages:${PYTHONPATH} /usr/bin/python3 -W ignore:setup.py install is deprecated -W ignore:easy_install command is deprecated setup.py egg_info --egg-base ../build/project-search build --build-base /home/mjc/METR4202/METR4202/metr4202_project/src/build/project-search/build install --record /home/mjc/METR4202/METR4202/metr4202_project/src/build/project-search/install.log --install-scripts $base/lib/project-search --single-version-externally-managed install_data
