[0.114s] DEBUG:colcon:Command line arguments: ['/usr/bin/colcon', 'build', '--packages-select', 'project-search']
[0.114s] DEBUG:colcon:Parsed command line arguments: Namespace(log_base=None, log_level=None, verb_name='build', build_base='build', install_base='install', merge_install=False, symlink_install=False, test_result_base=None, continue_on_error=False, executor='parallel', parallel_workers=16, event_handlers=None, ignore_user_meta=False, metas=['./colcon.meta'], base_paths=['.'], packages_ignore=None, packages_ignore_regex=None, paths=None, packages_up_to=None, packages_up_to_regex=None, packages_above=None, packages_above_and_dependencies=None, packages_above_depth=None, packages_select_by_dep=None, packages_skip_by_dep=None, packages_skip_up_to=None, packages_select_build_failed=False, packages_skip_build_finished=False, packages_select_test_failures=False, packages_skip_test_passed=False, packages_select=['project-search'], packages_skip=None, packages_select_regex=None, packages_skip_regex=None, packages_start=None, packages_end=None, allow_overriding=[], cmake_args=None, cmake_target=None, cmake_target_skip_unavailable=False, cmake_clean_cache=False, cmake_clean_first=False, cmake_force_configure=False, ament_cmake_args=None, catkin_cmake_args=None, catkin_skip_building_tests=False, mixin_files=None, mixin=None, verb_parser=<colcon_mixin.mixin.mixin_argument.MixinArgumentDecorator object at 0x7bf0c0a7c3d0>, verb_extension=<colcon_core.verb.build.BuildVerb object at 0x7bf0c0b8d540>, main=<bound method BuildVerb.main of <colcon_core.verb.build.BuildVerb object at 0x7bf0c0b8d540>>, mixin_verb=('build',))
[0.219s] Level 1:colcon.colcon_core.package_discovery:discover_packages(colcon_meta) check parameters
[0.219s] Level 1:colcon.colcon_core.package_discovery:discover_packages(recursive) check parameters
[0.219s] Level 1:colcon.colcon_core.package_discovery:discover_packages(ignore) check parameters
[0.219s] Level 1:colcon.colcon_core.package_discovery:discover_packages(path) check parameters
[0.219s] Level 1:colcon.colcon_core.package_discovery:discover_packages(colcon_meta) discover
[0.219s] Level 1:colcon.colcon_core.package_discovery:discover_packages(recursive) discover
[0.219s] INFO:colcon.colcon_core.package_discovery:Crawling recursively for packages in '/home/mjc/METR4202/METR4202/metr4202_project/src'
[0.219s] Level 1:colcon.colcon_core.package_identification:_identify(.) by extensions ['ignore', 'ignore_ament_install']
[0.219s] Level 1:colcon.colcon_core.package_identification:_identify(.) by extension 'ignore'
[0.219s] Level 1:colcon.colcon_core.package_identification:_identify(.) by extension 'ignore_ament_install'
[0.219s] Level 1:colcon.colcon_core.package_identification:_identify(.) by extensions ['colcon_pkg']
[0.219s] Level 1:colcon.colcon_core.package_identification:_identify(.) by extension 'colcon_pkg'
[0.219s] Level 1:colcon.colcon_core.package_identification:_identify(.) by extensions ['colcon_meta']
[0.219s] Level 1:colcon.colcon_core.package_identification:_identify(.) by extension 'colcon_meta'
[0.219s] Level 1:colcon.colcon_core.package_identification:_identify(.) by extensions ['ros']
[0.219s] Level 1:colcon.colcon_core.package_identification:_identify(.) by extension 'ros'
[0.232s] Level 1:colcon.colcon_core.package_identification:_identify(.) by extensions ['cmake', 'python']
[0.232s] Level 1:colcon.colcon_core.package_identification:_identify(.) by extension 'cmake'
[0.232s] Level 1:colcon.colcon_core.package_identification:_identify(.) by extension 'python'
[0.232s] Level 1:colcon.colcon_core.package_identification:_identify(.) by extensions ['python_setup_py']
[0.232s] Level 1:colcon.colcon_core.package_identification:_identify(.) by extension 'python_setup_py'
[0.232s] Level 1:colcon.colcon_core.package_identification:_identify(build) by extensions ['ignore', 'ignore_ament_install']
[0.232s] Level 1:colcon.colcon_core.package_identification:_identify(build) by extension 'ignore'
[0.232s] Level 1:colcon.colcon_core.package_identification:_identify(build) ignored
[0.233s] Level 1:colcon.colcon_core.package_identification:_identify(install) by extensions ['ignore', 'ignore_ament_install']
[0.233s] Level 1:colcon.colcon_core.package_identification:_identify(install) by extension 'ignore'
[0.233s] Level 1:colcon.colcon_core.package_identification:_identify(install) ignored
[0.233s] Level 1:colcon.colcon_core.package_identification:_identify(launch) by extensions ['ignore', 'ignore_ament_install']
[0.233s] Level 1:colcon.colcon_core.package_identification:_identify(launch) by extension 'ignore'
[0.233s] Level 1:colcon.colcon_core.package_identification:_identify(launch) by extension 'ignore_ament_install'
[0.233s] Level 1:colcon.colcon_core.package_identification:_identify(launch) by extensions ['colcon_pkg']
[0.233s] Level 1:colcon.colcon_core.package_identification:_identify(launch) by extension 'colcon_pkg'
[0.233s] Level 1:colcon.colcon_core.package_identification:_identify(launch) by extensions ['colcon_meta']
[0.233s] Level 1:colcon.colcon_core.package_identification:_identify(launch) by extension 'colcon_meta'
[0.233s] Level 1:colcon.colcon_core.package_identification:_identify(launch) by extensions ['ros']
[0.233s] Level 1:colcon.colcon_core.package_identification:_identify(launch) by extension 'ros'
[0.233s] Level 1:colcon.colcon_core.package_identification:_identify(launch) by extensions ['cmake', 'python']
[0.233s] Level 1:colcon.colcon_core.package_identification:_identify(launch) by extension 'cmake'
[0.233s] Level 1:colcon.colcon_core.package_identification:_identify(launch) by extension 'python'
[0.234s] Level 1:colcon.colcon_core.package_identification:_identify(launch) by extensions ['python_setup_py']
[0.234s] Level 1:colcon.colcon_core.package_identification:_identify(launch) by extension 'python_setup_py'
[0.234s] Level 1:colcon.colcon_core.package_identification:_identify(launch/__pycache__) by extensions ['ignore', 'ignore_ament_install']
[0.234s] Level 1:colcon.colcon_core.package_identification:_identify(launch/__pycache__) by extension 'ignore'
[0.234s] Level 1:colcon.colcon_core.package_identification:_identify(launch/__pycache__) by extension 'ignore_ament_install'
[0.234s] Level 1:colcon.colcon_core.package_identification:_identify(launch/__pycache__) by extensions ['colcon_pkg']
[0.234s] Level 1:colcon.colcon_core.package_identification:_identify(launch/__pycache__) by extension 'colcon_pkg'
[0.234s] Level 1:colcon.colcon_core.package_identification:_identify(launch/__pycache__) by extensions ['colcon_meta']
[0.234s] Level 1:colcon.colcon_core.package_identification:_identify(launch/__pycache__) by extension 'colcon_meta'
[0.234s] Level 1:colcon.colcon_core.package_identification:_identify(launch/__pycache__) by extensions ['ros']
[0.234s] Level 1:colcon.colcon_core.package_identification:_identify(launch/__pycache__) by extension 'ros'
[0.234s] Level 1:colcon.colcon_core.package_identification:_identify(launch/__pycache__) by extensions ['cmake', 'python']
[0.234s] Level 1:colcon.colcon_core.package_identification:_identify(launch/__pycache__) by extension 'cmake'
[0.234s] Level 1:colcon.colcon_core.package_identification:_identify(launch/__pycache__) by extension 'python'
[0.234s] Level 1:colcon.colcon_core.package_identification:_identify(launch/__pycache__) by extensions ['python_setup_py']
[0.234s] Level 1:colcon.colcon_core.package_identification:_identify(launch/__pycache__) by extension 'python_setup_py'
[0.235s] Level 1:colcon.colcon_core.package_identification:_identify(log) by extensions ['ignore', 'ignore_ament_install']
[0.235s] Level 1:colcon.colcon_core.package_identification:_identify(log) by extension 'ignore'
[0.235s] Level 1:colcon.colcon_core.package_identification:_identify(log) ignored
[0.235s] Level 1:colcon.colcon_core.package_identification:_identify(project-aruco) by extensions ['ignore', 'ignore_ament_install']
[0.235s] Level 1:colcon.colcon_core.package_identification:_identify(project-aruco) by extension 'ignore'
[0.235s] Level 1:colcon.colcon_core.package_identification:_identify(project-aruco) by extension 'ignore_ament_install'
[0.235s] Level 1:colcon.colcon_core.package_identification:_identify(project-aruco) by extensions ['colcon_pkg']
[0.235s] Level 1:colcon.colcon_core.package_identification:_identify(project-aruco) by extension 'colcon_pkg'
[0.235s] Level 1:colcon.colcon_core.package_identification:_identify(project-aruco) by extensions ['colcon_meta']
[0.235s] Level 1:colcon.colcon_core.package_identification:_identify(project-aruco) by extension 'colcon_meta'
[0.235s] Level 1:colcon.colcon_core.package_identification:_identify(project-aruco) by extensions ['ros']
[0.235s] Level 1:colcon.colcon_core.package_identification:_identify(project-aruco) by extension 'ros'
[0.237s] DEBUG:colcon.colcon_core.package_identification:Package 'project-aruco' with type 'ros.ament_python' and name 'project-aruco'
[0.237s] Level 1:colcon.colcon_core.package_identification:_identify(project-explore) by extensions ['ignore', 'ignore_ament_install']
[0.237s] Level 1:colcon.colcon_core.package_identification:_identify(project-explore) by extension 'ignore'
[0.237s] Level 1:colcon.colcon_core.package_identification:_identify(project-explore) by extension 'ignore_ament_install'
[0.237s] Level 1:colcon.colcon_core.package_identification:_identify(project-explore) by extensions ['colcon_pkg']
[0.237s] Level 1:colcon.colcon_core.package_identification:_identify(project-explore) by extension 'colcon_pkg'
[0.237s] Level 1:colcon.colcon_core.package_identification:_identify(project-explore) by extensions ['colcon_meta']
[0.237s] Level 1:colcon.colcon_core.package_identification:_identify(project-explore) by extension 'colcon_meta'
[0.237s] Level 1:colcon.colcon_core.package_identification:_identify(project-explore) by extensions ['ros']
[0.237s] Level 1:colcon.colcon_core.package_identification:_identify(project-explore) by extension 'ros'
[0.238s] DEBUG:colcon.colcon_core.package_identification:Package 'project-explore' with type 'ros.ament_python' and name 'project-explore'
[0.238s] Level 1:colcon.colcon_core.package_identification:_identify(project-search) by extensions ['ignore', 'ignore_ament_install']
[0.238s] Level 1:colcon.colcon_core.package_identification:_identify(project-search) by extension 'ignore'
[0.238s] Level 1:colcon.colcon_core.package_identification:_identify(project-search) by extension 'ignore_ament_install'
[0.238s] Level 1:colcon.colcon_core.package_identification:_identify(project-search) by extensions ['colcon_pkg']
[0.238s] Level 1:colcon.colcon_core.package_identification:_identify(project-search) by extension 'colcon_pkg'
[0.238s] Level 1:colcon.colcon_core.package_identification:_identify(project-search) by extensions ['colcon_meta']
[0.238s] Level 1:colcon.colcon_core.package_identification:_identify(project-search) by extension 'colcon_meta'
[0.238s] Level 1:colcon.colcon_core.package_identification:_identify(project-search) by extensions ['ros']
[0.238s] Level 1:colcon.colcon_core.package_identification:_identify(project-search) by extension 'ros'
[0.238s] DEBUG:colcon.colcon_core.package_identification:Package 'project-search' with type 'ros.ament_python' and name 'project-search'
[0.238s] Level 1:colcon.colcon_core.package_discovery:discover_packages(recursive) using defaults
[0.238s] Level 1:colcon.colcon_core.package_discovery:discover_packages(ignore) discover
[0.239s] Level 1:colcon.colcon_core.package_discovery:discover_packages(ignore) using defaults
[0.239s] Level 1:colcon.colcon_core.package_discovery:discover_packages(path) discover
[0.239s] Level 1:colcon.colcon_core.package_discovery:discover_packages(path) using defaults
[0.251s] INFO:colcon.colcon_core.package_selection:Skipping not selected package 'project-aruco' in 'project-aruco'
[0.251s] INFO:colcon.colcon_core.package_selection:Skipping not selected package 'project-explore' in 'project-explore'
[0.252s] Level 1:colcon.colcon_core.package_discovery:discover_packages(prefix_path) check parameters
[0.252s] Level 1:colcon.colcon_core.package_discovery:discover_packages(prefix_path) discover
[0.253s] DEBUG:colcon.colcon_installed_package_information.package_discovery:Found 2 installed packages in /home/mjc/METR4202/metr4202_ws/install
[0.253s] DEBUG:colcon.colcon_installed_package_information.package_discovery:Found 16 installed packages in /home/mjc/METR4202/turtlebot3_ws/install
[0.254s] DEBUG:colcon.colcon_installed_package_information.package_discovery:Found 370 installed packages in /opt/ros/humble
[0.255s] Level 1:colcon.colcon_core.package_discovery:discover_packages(prefix_path) using defaults
[0.280s] Level 5:colcon.colcon_core.verb:set package 'project-search' build argument 'cmake_args' from command line to 'None'
[0.280s] Level 5:colcon.colcon_core.verb:set package 'project-search' build argument 'cmake_target' from command line to 'None'
[0.280s] Level 5:colcon.colcon_core.verb:set package 'project-search' build argument 'cmake_target_skip_unavailable' from command line to 'False'
[0.280s] Level 5:colcon.colcon_core.verb:set package 'project-search' build argument 'cmake_clean_cache' from command line to 'False'
[0.281s] Level 5:colcon.colcon_core.verb:set package 'project-search' build argument 'cmake_clean_first' from command line to 'False'
[0.281s] Level 5:colcon.colcon_core.verb:set package 'project-search' build argument 'cmake_force_configure' from command line to 'False'
[0.281s] Level 5:colcon.colcon_core.verb:set package 'project-search' build argument 'ament_cmake_args' from command line to 'None'
[0.281s] Level 5:colcon.colcon_core.verb:set package 'project-search' build argument 'catkin_cmake_args' from command line to 'None'
[0.281s] Level 5:colcon.colcon_core.verb:set package 'project-search' build argument 'catkin_skip_building_tests' from command line to 'False'
[0.281s] DEBUG:colcon.colcon_core.verb:Building package 'project-search' with the following arguments: {'ament_cmake_args': None, 'build_base': '/home/mjc/METR4202/METR4202/metr4202_project/src/build/project-search', 'catkin_cmake_args': None, 'catkin_skip_building_tests': False, 'cmake_args': None, 'cmake_clean_cache': False, 'cmake_clean_first': False, 'cmake_force_configure': False, 'cmake_target': None, 'cmake_target_skip_unavailable': False, 'install_base': '/home/mjc/METR4202/METR4202/metr4202_project/src/install/project-search', 'merge_install': False, 'path': '/home/mjc/METR4202/METR4202/metr4202_project/src/project-search', 'symlink_install': False, 'test_result_base': None}
[0.281s] INFO:colcon.colcon_core.executor:Executing jobs using 'parallel' executor
[0.282s] DEBUG:colcon.colcon_parallel_executor.executor.parallel:run_until_complete
[0.282s] INFO:colcon.colcon_ros.task.ament_python.build:Building ROS package in '/home/mjc/METR4202/METR4202/metr4202_project/src/project-search' with build type 'ament_python'
[0.282s] Level 1:colcon.colcon_core.shell:create_environment_hook('project-search', 'ament_prefix_path')
[0.283s] INFO:colcon.colcon_core.plugin_system:Skipping extension 'colcon_core.shell.bat': Not used on non-Windows systems
[0.284s] INFO:colcon.colcon_core.shell:Creating environment hook '/home/mjc/METR4202/METR4202/metr4202_project/src/install/project-search/share/project-search/hook/ament_prefix_path.ps1'
[0.287s] INFO:colcon.colcon_core.shell:Creating environment descriptor '/home/mjc/METR4202/METR4202/metr4202_project/src/install/project-search/share/project-search/hook/ament_prefix_path.dsv'
[0.288s] INFO:colcon.colcon_core.shell:Creating environment hook '/home/mjc/METR4202/METR4202/metr4202_project/src/install/project-search/share/project-search/hook/ament_prefix_path.sh'
[0.289s] INFO:colcon.colcon_core.shell:Skip shell extension 'powershell' for command environment: Not usable outside of PowerShell
[0.289s] DEBUG:colcon.colcon_core.shell:Skip shell extension 'dsv' for command environment
[0.462s] INFO:colcon.colcon_core.task.python.build:Building Python package in '/home/mjc/METR4202/METR4202/metr4202_project/src/project-search'
[0.462s] INFO:colcon.colcon_core.shell:Skip shell extension 'powershell' for command environment: Not usable outside of PowerShell
[0.462s] DEBUG:colcon.colcon_core.shell:Skip shell extension 'dsv' for command environment
[0.840s] DEBUG:colcon.colcon_core.task.python.build:Available setuptools commands: symlink_data, dist_info, install_egg_info, install_lib, build_clib, install_headers, check, upload_docs, compile_catalog, bdist_egg, develop, install, saveopts, setopt, update_catalog, rotate, install_scripts, easy_install, clean, build_ext, install_data, bdist_wheel, sdist, init_catalog, alias, bdist_dumb, test, build, register, egg_info, bdist, extract_messages, build_py, build_scripts, upload, bdist_rpm
[0.841s] DEBUG:colcon.colcon_core.event_handler.log_command:Invoking command in '/home/mjc/METR4202/METR4202/metr4202_project/src/build/project-search': PYTHONPATH=/home/mjc/METR4202/METR4202/metr4202_project/src/build/project-search/prefix_override:/usr/lib/python3/dist-packages/colcon_core/task/python/colcon_distutils_commands:/home/mjc/METR4202/METR4202/metr4202_project/src/install/project-search/lib/python3.10/site-packages:${PYTHONPATH} /usr/bin/python3 -W ignore:setup.py install is deprecated -W ignore:easy_install command is deprecated setup.py develop --uninstall --editable --build-directory /home/mjc/METR4202/METR4202/metr4202_project/src/build/project-search/build
[1.121s] DEBUG:colcon.colcon_core.event_handler.log_command:Invoked command in '/home/mjc/METR4202/METR4202/metr4202_project/src/build/project-search' returned '0': PYTHONPATH=/home/mjc/METR4202/METR4202/metr4202_project/src/build/project-search/prefix_override:/usr/lib/python3/dist-packages/colcon_core/task/python/colcon_distutils_commands:/home/mjc/METR4202/METR4202/metr4202_project/src/install/project-search/lib/python3.10/site-packages:${PYTHONPATH} /usr/bin/python3 -W ignore:setup.py install is deprecated -W ignore:easy_install command is deprecated setup.py develop --uninstall --editable --build-directory /home/mjc/METR4202/METR4202/metr4202_project/src/build/project-search/build
[1.123s] DEBUG:colcon.colcon_core.event_handler.log_command:Invoking command in '/home/mjc/METR4202/METR4202/metr4202_project/src/project-search': PYTHONPATH=/home/mjc/METR4202/METR4202/metr4202_project/src/build/project-search/prefix_override:/usr/lib/python3/dist-packages/colcon_core/task/python/colcon_distutils_commands:/home/mjc/METR4202/METR4202/metr4202_project/src/install/project-search/lib/python3.10/site-packages:${PYTHONPATH} /usr/bin/python3 -W ignore:setup.py install is deprecated -W ignore:easy_install command is deprecated setup.py egg_info --egg-base ../build/project-search build --build-base /home/mjc/METR4202/METR4202/metr4202_project/src/build/project-search/build install --record /home/mjc/METR4202/METR4202/metr4202_project/src/build/project-search/install.log --install-scripts $base/lib/project-search --single-version-externally-managed install_data --force
[1.311s] DEBUG:colcon.colcon_core.event_handler.log_command:Invoked command in '/home/mjc/METR4202/METR4202/metr4202_project/src/project-search' returned '0': PYTHONPATH=/home/mjc/METR4202/METR4202/metr4202_project/src/build/project-search/prefix_override:/usr/lib/python3/dist-packages/colcon_core/task/python/colcon_distutils_commands:/home/mjc/METR4202/METR4202/metr4202_project/src/install/project-search/lib/python3.10/site-packages:${PYTHONPATH} /usr/bin/python3 -W ignore:setup.py install is deprecated -W ignore:easy_install command is deprecated setup.py egg_info --egg-base ../build/project-search build --build-base /home/mjc/METR4202/METR4202/metr4202_project/src/build/project-search/build install --record /home/mjc/METR4202/METR4202/metr4202_project/src/build/project-search/install.log --install-scripts $base/lib/project-search --single-version-externally-managed install_data --force
[1.317s] Level 1:colcon.colcon_core.environment:checking '/home/mjc/METR4202/METR4202/metr4202_project/src/install/project-search' for CMake module files
[1.317s] Level 1:colcon.colcon_core.environment:checking '/home/mjc/METR4202/METR4202/metr4202_project/src/install/project-search' for CMake config files
[1.318s] Level 1:colcon.colcon_core.environment:checking '/home/mjc/METR4202/METR4202/metr4202_project/src/install/project-search/lib'
[1.318s] Level 1:colcon.colcon_core.environment:checking '/home/mjc/METR4202/METR4202/metr4202_project/src/install/project-search/bin'
[1.318s] Level 1:colcon.colcon_core.environment:checking '/home/mjc/METR4202/METR4202/metr4202_project/src/install/project-search/lib/pkgconfig/project-search.pc'
[1.319s] Level 1:colcon.colcon_core.environment:checking '/home/mjc/METR4202/METR4202/metr4202_project/src/install/project-search/lib/python3.10/site-packages'
[1.319s] Level 1:colcon.colcon_core.shell:create_environment_hook('project-search', 'pythonpath')
[1.319s] INFO:colcon.colcon_core.shell:Creating environment hook '/home/mjc/METR4202/METR4202/metr4202_project/src/install/project-search/share/project-search/hook/pythonpath.ps1'
[1.319s] INFO:colcon.colcon_core.shell:Creating environment descriptor '/home/mjc/METR4202/METR4202/metr4202_project/src/install/project-search/share/project-search/hook/pythonpath.dsv'
[1.319s] INFO:colcon.colcon_core.shell:Creating environment hook '/home/mjc/METR4202/METR4202/metr4202_project/src/install/project-search/share/project-search/hook/pythonpath.sh'
[1.320s] Level 1:colcon.colcon_core.environment:checking '/home/mjc/METR4202/METR4202/metr4202_project/src/install/project-search/bin'
[1.320s] Level 1:colcon.colcon_core.environment:create_environment_scripts_only(project-search)
[1.320s] INFO:colcon.colcon_core.shell:Creating package script '/home/mjc/METR4202/METR4202/metr4202_project/src/install/project-search/share/project-search/package.ps1'
[1.321s] INFO:colcon.colcon_core.shell:Creating package descriptor '/home/mjc/METR4202/METR4202/metr4202_project/src/install/project-search/share/project-search/package.dsv'
[1.322s] INFO:colcon.colcon_core.shell:Creating package script '/home/mjc/METR4202/METR4202/metr4202_project/src/install/project-search/share/project-search/package.sh'
[1.323s] INFO:colcon.colcon_core.shell:Creating package script '/home/mjc/METR4202/METR4202/metr4202_project/src/install/project-search/share/project-search/package.bash'
[1.325s] INFO:colcon.colcon_core.shell:Creating package script '/home/mjc/METR4202/METR4202/metr4202_project/src/install/project-search/share/project-search/package.zsh'
[1.325s] Level 1:colcon.colcon_core.environment:create_file_with_runtime_dependencies(/home/mjc/METR4202/METR4202/metr4202_project/src/install/project-search/share/colcon-core/packages/project-search)
[1.326s] DEBUG:colcon.colcon_parallel_executor.executor.parallel:closing loop
[1.326s] DEBUG:colcon.colcon_parallel_executor.executor.parallel:loop closed
[1.326s] DEBUG:colcon.colcon_parallel_executor.executor.parallel:run_until_complete finished with '0'
[1.326s] DEBUG:colcon.colcon_core.event_reactor:joining thread
[1.341s] INFO:colcon.colcon_core.plugin_system:Skipping extension 'colcon_notification.desktop_notification.notify_send': Could not find 'notify-send'
[1.341s] INFO:colcon.colcon_core.plugin_system:Skipping extension 'colcon_notification.desktop_notification.terminal_notifier': Not used on non-Darwin systems
[1.341s] INFO:colcon.colcon_core.plugin_system:Skipping extension 'colcon_notification.desktop_notification.win32': Not used on non-Windows systems
[1.341s] INFO:colcon.colcon_notification.desktop_notification:Sending desktop notification using 'notify2'
[1.342s] DEBUG:colcon.colcon_notification.desktop_notification.notify2:Failed to initialize notify2: org.freedesktop.DBus.Error.ServiceUnknown: The name org.freedesktop.Notifications was not provided by any .service files
[1.342s] DEBUG:colcon.colcon_core.event_reactor:joined thread
[1.342s] INFO:colcon.colcon_core.shell:Creating prefix script '/home/mjc/METR4202/METR4202/metr4202_project/src/install/local_setup.ps1'
[1.343s] INFO:colcon.colcon_core.shell:Creating prefix util module '/home/mjc/METR4202/METR4202/metr4202_project/src/install/_local_setup_util_ps1.py'
[1.344s] INFO:colcon.colcon_core.shell:Creating prefix chain script '/home/mjc/METR4202/METR4202/metr4202_project/src/install/setup.ps1'
[1.345s] INFO:colcon.colcon_core.shell:Creating prefix script '/home/mjc/METR4202/METR4202/metr4202_project/src/install/local_setup.sh'
[1.345s] INFO:colcon.colcon_core.shell:Creating prefix util module '/home/mjc/METR4202/METR4202/metr4202_project/src/install/_local_setup_util_sh.py'
[1.346s] INFO:colcon.colcon_core.shell:Creating prefix chain script '/home/mjc/METR4202/METR4202/metr4202_project/src/install/setup.sh'
[1.347s] INFO:colcon.colcon_core.shell:Creating prefix script '/home/mjc/METR4202/METR4202/metr4202_project/src/install/local_setup.bash'
[1.347s] INFO:colcon.colcon_core.shell:Creating prefix chain script '/home/mjc/METR4202/METR4202/metr4202_project/src/install/setup.bash'
[1.348s] INFO:colcon.colcon_core.shell:Creating prefix script '/home/mjc/METR4202/METR4202/metr4202_project/src/install/local_setup.zsh'
[1.348s] INFO:colcon.colcon_core.shell:Creating prefix chain script '/home/mjc/METR4202/METR4202/metr4202_project/src/install/setup.zsh'
