[0.757s] Invoking command in '/home/mjc/METR4202/METR4202/metr4202_project/src/project-aruco': PYTHONPATH=/home/mjc/METR4202/METR4202/metr4202_project/src/build/project-aruco/prefix_override:/usr/lib/python3/dist-packages/colcon_core/task/python/colcon_distutils_commands:/home/mjc/METR4202/METR4202/metr4202_project/src/install/project-aruco/lib/python3.10/site-packages:${PYTHONPATH} /usr/bin/python3 -W ignore:setup.py install is deprecated -W ignore:easy_install command is deprecated setup.py egg_info --egg-base ../build/project-aruco build --build-base /home/mjc/METR4202/METR4202/metr4202_project/src/build/project-aruco/build install --record /home/mjc/METR4202/METR4202/metr4202_project/src/build/project-aruco/install.log --install-scripts $base/lib/project-aruco --single-version-externally-managed install_data
[0.911s] running egg_info
[0.912s] writing ../build/project-aruco/project_aruco.egg-info/PKG-INFO
[0.912s] writing dependency_links to ../build/project-aruco/project_aruco.egg-info/dependency_links.txt
[0.912s] writing entry points to ../build/project-aruco/project_aruco.egg-info/entry_points.txt
[0.912s] writing requirements to ../build/project-aruco/project_aruco.egg-info/requires.txt
[0.912s] writing top-level names to ../build/project-aruco/project_aruco.egg-info/top_level.txt
[0.913s] reading manifest file '../build/project-aruco/project_aruco.egg-info/SOURCES.txt'
[0.913s] adding license file 'LICENSE'
[0.914s] writing manifest file '../build/project-aruco/project_aruco.egg-info/SOURCES.txt'
[0.914s] running build
[0.914s] running build_py
[0.914s] running install
[0.914s] running install_lib
[0.915s] running install_data
[0.915s] running install_egg_info
[0.916s] removing '/home/mjc/METR4202/METR4202/metr4202_project/src/install/project-aruco/lib/python3.10/site-packages/project_aruco-0.0.0-py3.10.egg-info' (and everything under it)
[0.917s] Copying ../build/project-aruco/project_aruco.egg-info to /home/mjc/METR4202/METR4202/metr4202_project/src/install/project-aruco/lib/python3.10/site-packages/project_aruco-0.0.0-py3.10.egg-info
[0.917s] running install_scripts
[0.932s] writing list of installed files to '/home/mjc/METR4202/METR4202/metr4202_project/src/build/project-aruco/install.log'
[0.964s] Invoked command in '/home/mjc/METR4202/METR4202/metr4202_project/src/project-aruco' returned '0': PYTHONPATH=/home/mjc/METR4202/METR4202/metr4202_project/src/build/project-aruco/prefix_override:/usr/lib/python3/dist-packages/colcon_core/task/python/colcon_distutils_commands:/home/mjc/METR4202/METR4202/metr4202_project/src/install/project-aruco/lib/python3.10/site-packages:${PYTHONPATH} /usr/bin/python3 -W ignore:setup.py install is deprecated -W ignore:easy_install command is deprecated setup.py egg_info --egg-base ../build/project-aruco build --build-base /home/mjc/METR4202/METR4202/metr4202_project/src/build/project-aruco/build install --record /home/mjc/METR4202/METR4202/metr4202_project/src/build/project-aruco/install.log --install-scripts $base/lib/project-aruco --single-version-externally-managed install_data
